1754.876031
1438.322785
1080.001794
957.6919226
911.1952464
759.1777961
695.2930388
646.2975593
599.1665269
538.3179089
517.9560706
473.8021736
459.2062885
438.861392
421.2063864
