422.9067004
361.5527309
268.3165598
235.7085802
223.2905315
189.4963989
162.1951073
151.5909026
140.3463096
133.1049044
119.5401819
116.9632593
109.5941951
103.1329537
100.4678283
