440.4170125
363.1457836
279.7341312
238.1390598
226.9849904
193.16647
174.3477386
161.6727644
147.8121351
129.9773762
128.2066317
118.7574597
115.1975488
107.6459703
106.8606195
