530.9959534
336.2080296
267.9688944
256.044916
164.3221685
159.6156182
151.1633476
129.1976019
126.4633382
123.667324
