1687.547556
1433.846367
1041.047939
949.2917283
895.488395
747.2387992
646.5842965
608.7592838
566.890802
539.6863112
495.4336198
469.9215928
434.3536943
415.8253519
396.2310131
